2026-01-18T21:02:50.656+05:30  INFO 30096 --- [main] com.healthchat.HealthChatApplication     : Starting HealthChatApplication using Java 24.0.1 with PID 30096 (D:\ai-public-health-chatbot\backend\target\classes started by abhic in d:\ai-public-health-chatbot\backend)
2026-01-18T21:02:50.657+05:30 DEBUG 30096 --- [main] com.healthchat.HealthChatApplication     : Running with Spring Boot v3.2.0, Spring v6.1.1
2026-01-18T21:02:50.657+05:30  INFO 30096 --- [main] com.healthchat.HealthChatApplication     : No active profile set, falling back to 1 default profile: "default"
2026-01-18T21:02:51.026+05:30  INFO 30096 --- [main] .s.d.r.c.RepositoryConfigurationDelegate : Bootstrapping Spring Data MongoDB repositories in DEFAULT mode.
2026-01-18T21:02:51.064+05:30  INFO 30096 --- [main] .s.d.r.c.RepositoryConfigurationDelegate : Finished Spring Data repository scanning in 32 ms. Found 2 MongoDB repository interfaces.
2026-01-18T21:02:51.354+05:30  INFO 30096 --- [main] o.s.b.w.embedded.tomcat.TomcatWebServer  : Tomcat initialized with port 8080 (http)
2026-01-18T21:02:51.360+05:30  INFO 30096 --- [main] o.apache.catalina.core.StandardService   : Starting service [Tomcat]
2026-01-18T21:02:51.360+05:30  INFO 30096 --- [main] o.apache.catalina.core.StandardEngine    : Starting Servlet engine: [Apache Tomcat/10.1.16]
2026-01-18T21:02:51.396+05:30  INFO 30096 --- [main] o.a.c.c.C.[Tomcat].[localhost].[/api]    : Initializing Spring embedded WebApplicationContext
2026-01-18T21:02:51.396+05:30  INFO 30096 --- [main] w.s.c.ServletWebServerApplicationContext : Root WebApplicationContext: initialization completed in 708 ms
2026-01-18T21:02:51.479+05:30  INFO 30096 --- [main] org.mongodb.driver.client                : MongoClient with metadata {"driver": {"name": "mongo-java-driver|sync|spring-boot", "version": "4.11.1"}, "os": {"type": "Windows", "name": "Windows 11", "architecture": "amd64", "version": "10.0"}, "platform": "Java/Oracle Corporation/24.0.1+9-30"} created with settings MongoClientSettings{readPreference=primary, writeConcern=WriteConcern{w=null, wTimeout=null ms, journal=null}, retryWrites=true, retryReads=true, readConcern=ReadConcern{level=null}, credential=null, transportSettings=null, streamFactoryFactory=null, commandListeners=[], codecRegistry=ProvidersCodecRegistry{codecProviders=[ValueCodecProvider{}, BsonValueCodecProvider{}, DBRefCodecProvider{}, DBObjectCodecProvider{}, DocumentCodecProvider{}, CollectionCodecProvider{}, IterableCodecProvider{}, MapCodecProvider{}, GeoJsonCodecProvider{}, GridFSFileCodecProvider{}, Jsr310CodecProvider{}, JsonObjectCodecProvider{}, BsonCodecProvider{}, EnumCodecProvider{}, com.mongodb.client.model.mql.ExpressionCodecProvider@7c51782d, com.mongodb.Jep395RecordCodecProvider@77bc2e16, com.mongodb.KotlinCodecProvider@48e8c32a]}, loggerSettings=LoggerSettings{maxDocumentLength=1000}, clusterSettings={hosts=[localhost:27017], srvServiceName=mongodb, mode=SINGLE, requiredClusterType=UNKNOWN, requiredReplicaSetName='null', serverSelector='null', clusterListeners='[]', serverSelectionTimeout='30000 ms', localThreshold='15 ms'}, socketSettings=SocketSettings{connectTimeoutMS=10000, readTimeoutMS=0, receiveBufferSize=0, proxySettings=ProxySettings{host=null, port=null, username=null, password=null}}, heartbeatSocketSettings=SocketSettings{connectTimeoutMS=10000, readTimeoutMS=10000, receiveBufferSize=0, proxySettings=ProxySettings{host=null, port=null, username=null, password=null}}, connectionPoolSettings=ConnectionPoolSettings{maxSize=100, minSize=0, maxWaitTimeMS=120000, maxConnectionLifeTimeMS=0, maxConnectionIdleTimeMS=0, maintenanceInitialDelayMS=0, maintenanceFrequencyMS=60000, connectionPoolListeners=[], maxConnecting=2}, serverSettings=ServerSettings{heartbeatFrequencyMS=10000, minHeartbeatFrequencyMS=500, serverListeners='[]', serverMonitorListeners='[]'}, sslSettings=SslSettings{enabled=false, invalidHostNameAllowed=false, context=null}, applicationName='null', compressorList=[], uuidRepresentation=JAVA_LEGACY, serverApi=null, autoEncryptionSettings=null, dnsClient=null, inetAddressResolver=null, contextProvider=null}
2026-01-18T21:02:51.508+05:30  INFO 30096 --- [cluster-ClusterId{value='696cfd23dc7c246c7077854e', description='null'}-localhost:27017] org.mongodb.driver.cluster               : Monitor thread successfully connected to server with description ServerDescription{address=localhost:27017, type=STANDALONE, state=CONNECTED, ok=true, minWireVersion=0, maxWireVersion=25, maxDocumentSize=16777216, logicalSessionTimeoutMinutes=30, roundTripTimeNanos=14726200}
2026-01-18T21:02:51.693+05:30 DEBUG 30096 --- [main] c.h.config.JwtAuthenticationFilter       : Filter 'jwtAuthenticationFilter' configured for use
2026-01-18T21:02:51.904+05:30  INFO 30096 --- [main] o.s.s.web.DefaultSecurityFilterChain     : Will secure any request with [org.springframework.security.web.session.DisableEncodeUrlFilter@59328218, org.springframework.security.web.context.request.async.WebAsyncManagerIntegrationFilter@5345dfe8, org.springframework.security.web.context.SecurityContextHolderFilter@722531ab, org.springframework.security.web.header.HeaderWriterFilter@783b3aa0, org.springframework.web.filter.CorsFilter@478967eb, org.springframework.security.web.authentication.logout.LogoutFilter@720f56e2, org.springframework.security.web.savedrequest.RequestCacheAwareFilter@26fadd98, org.springframework.security.web.servletapi.SecurityContextHolderAwareRequestFilter@66451058, org.springframework.security.web.authentication.AnonymousAuthenticationFilter@4a1dda83, org.springframework.security.web.session.SessionManagementFilter@5b742bc8, org.springframework.security.web.access.ExceptionTranslationFilter@6ed18d80, com.healthchat.config.JwtAuthenticationFilter@1a1ccaaf, org.springframework.security.web.access.intercept.AuthorizationFilter@1c62c3fd]
2026-01-18T21:02:52.008+05:30  INFO 30096 --- [main] o.s.b.w.embedded.tomcat.TomcatWebServer  : Tomcat started on port 8080 (http) with context path '/api'
2026-01-18T21:02:52.014+05:30  INFO 30096 --- [main] com.healthchat.HealthChatApplication     : Started HealthChatApplication in 1.601 seconds (process running for 1.8)
2026-01-18T21:03:35.661+05:30  INFO 30096 --- [http-nio-8080-exec-1] o.a.c.c.C.[Tomcat].[localhost].[/api]    : Initializing Spring DispatcherServlet 'dispatcherServlet'
2026-01-18T21:03:35.661+05:30  INFO 30096 --- [http-nio-8080-exec-1] o.s.web.servlet.DispatcherServlet        : Initializing Servlet 'dispatcherServlet'
2026-01-18T21:03:35.662+05:30  INFO 30096 --- [http-nio-8080-exec-1] o.s.web.servlet.DispatcherServlet        : Completed initialization in 1 ms
2026-01-18T21:03:35.666+05:30 DEBUG 30096 --- [http-nio-8080-exec-1] o.s.security.web.FilterChainProxy        : Securing POST /auth/register
2026-01-18T21:03:35.671+05:30 DEBUG 30096 --- [http-nio-8080-exec-1] o.s.s.w.a.AnonymousAuthenticationFilter  : Set SecurityContextHolder to anonymous SecurityContext
2026-01-18T21:03:35.671+05:30 ERROR 30096 --- [http-nio-8080-exec-1] c.h.config.JwtAuthenticationFilter       : DEBUG: Filter called for path: /api/auth/register
2026-01-18T21:03:35.671+05:30 ERROR 30096 --- [http-nio-8080-exec-1] c.h.config.JwtAuthenticationFilter       : DEBUG: Skipping auth for path: /api/auth/register
2026-01-18T21:03:35.673+05:30  WARN 30096 --- [http-nio-8080-exec-1] o.s.w.s.h.HandlerMappingIntrospector     : Cache miss for REQUEST dispatch to '/api/auth/register' (previous null). Performing MatchableHandlerMapping lookup. This is logged once only at WARN level, and every time at TRACE.
2026-01-18T21:03:35.678+05:30 DEBUG 30096 --- [http-nio-8080-exec-1] o.s.security.web.FilterChainProxy        : Secured POST /auth/register
2026-01-18T21:03:35.912+05:30 DEBUG 30096 --- [http-nio-8080-exec-2] o.s.security.web.FilterChainProxy        : Securing POST /message/text
2026-01-18T21:03:35.914+05:30 DEBUG 30096 --- [http-nio-8080-exec-2] o.s.s.w.a.AnonymousAuthenticationFilter  : Set SecurityContextHolder to anonymous SecurityContext
2026-01-18T21:03:35.914+05:30 ERROR 30096 --- [http-nio-8080-exec-2] c.h.config.JwtAuthenticationFilter       : DEBUG: Filter called for path: /api/message/text
2026-01-18T21:03:35.914+05:30 ERROR 30096 --- [http-nio-8080-exec-2] c.h.config.JwtAuthenticationFilter       : DEBUG: JWT found: eyJhbGciOiJIUzI1NiJ9.eyJpZCI6IjY5NmNmZDRmZGM3YzI0NmM3MDc3ODU0ZiIsImVtYWlsIjoiY3VybDhAdGVzdC5jb20iLCJzdWIiOiJjdXJsOEB0ZXN0LmNvbSIsImlhdCI6MTc2ODc1MDQxNSwiZXhwIjoxNzY4NzUxMzE1fQ.8OWqXyH6G5gUw324vhfYepFI2zkXlh56o9HE2wgW08s
2026-01-18T21:03:35.926+05:30 ERROR 30096 --- [http-nio-8080-exec-2] c.h.config.JwtAuthenticationFilter       : DEBUG: Username extracted: curl8@test.com
2026-01-18T21:03:35.929+05:30 DEBUG 30096 --- [http-nio-8080-exec-2] o.s.s.w.a.Http403ForbiddenEntryPoint     : Pre-authenticated entry point called. Rejecting access
2026-01-18T21:03:35.931+05:30 DEBUG 30096 --- [http-nio-8080-exec-2] o.s.security.web.FilterChainProxy        : Securing POST /error
2026-01-18T21:03:35.934+05:30 DEBUG 30096 --- [http-nio-8080-exec-2] o.s.s.w.a.AnonymousAuthenticationFilter  : Set SecurityContextHolder to anonymous SecurityContext
2026-01-18T21:03:35.934+05:30 DEBUG 30096 --- [http-nio-8080-exec-2] o.s.s.w.a.Http403ForbiddenEntryPoint     : Pre-authenticated entry point called. Rejecting access
2026-01-18T21:04:28.255+05:30  INFO 6364 --- [main] com.healthchat.HealthChatApplication     : Starting HealthChatApplication using Java 24.0.1 with PID 6364 (D:\ai-public-health-chatbot\backend\target\classes started by abhic in d:\ai-public-health-chatbot\backend)
2026-01-18T21:04:28.257+05:30 DEBUG 6364 --- [main] com.healthchat.HealthChatApplication     : Running with Spring Boot v3.2.0, Spring v6.1.1
2026-01-18T21:04:28.258+05:30  INFO 6364 --- [main] com.healthchat.HealthChatApplication     : No active profile set, falling back to 1 default profile: "default"
2026-01-18T21:04:28.648+05:30  INFO 6364 --- [main] .s.d.r.c.RepositoryConfigurationDelegate : Bootstrapping Spring Data MongoDB repositories in DEFAULT mode.
2026-01-18T21:04:28.684+05:30  INFO 6364 --- [main] .s.d.r.c.RepositoryConfigurationDelegate : Finished Spring Data repository scanning in 32 ms. Found 2 MongoDB repository interfaces.
2026-01-18T21:04:28.970+05:30  INFO 6364 --- [main] o.s.b.w.embedded.tomcat.TomcatWebServer  : Tomcat initialized with port 8080 (http)
2026-01-18T21:04:28.979+05:30  INFO 6364 --- [main] o.apache.catalina.core.StandardService   : Starting service [Tomcat]
2026-01-18T21:04:28.979+05:30  INFO 6364 --- [main] o.apache.catalina.core.StandardEngine    : Starting Servlet engine: [Apache Tomcat/10.1.16]
2026-01-18T21:04:29.015+05:30  INFO 6364 --- [main] o.a.c.c.C.[Tomcat].[localhost].[/api]    : Initializing Spring embedded WebApplicationContext
2026-01-18T21:04:29.015+05:30  INFO 6364 --- [main] w.s.c.ServletWebServerApplicationContext : Root WebApplicationContext: initialization completed in 720 ms
2026-01-18T21:04:29.108+05:30  INFO 6364 --- [main] org.mongodb.driver.client                : MongoClient with metadata {"driver": {"name": "mongo-java-driver|sync|spring-boot", "version": "4.11.1"}, "os": {"type": "Windows", "name": "Windows 11", "architecture": "amd64", "version": "10.0"}, "platform": "Java/Oracle Corporation/24.0.1+9-30"} created with settings MongoClientSettings{readPreference=primary, writeConcern=WriteConcern{w=null, wTimeout=null ms, journal=null}, retryWrites=true, retryReads=true, readConcern=ReadConcern{level=null}, credential=null, transportSettings=null, streamFactoryFactory=null, commandListeners=[], codecRegistry=ProvidersCodecRegistry{codecProviders=[ValueCodecProvider{}, BsonValueCodecProvider{}, DBRefCodecProvider{}, DBObjectCodecProvider{}, DocumentCodecProvider{}, CollectionCodecProvider{}, IterableCodecProvider{}, MapCodecProvider{}, GeoJsonCodecProvider{}, GridFSFileCodecProvider{}, Jsr310CodecProvider{}, JsonObjectCodecProvider{}, BsonCodecProvider{}, EnumCodecProvider{}, com.mongodb.client.model.mql.ExpressionCodecProvider@57545c3f, com.mongodb.Jep395RecordCodecProvider@326e0b8e, com.mongodb.KotlinCodecProvider@36baa049]}, loggerSettings=LoggerSettings{maxDocumentLength=1000}, clusterSettings={hosts=[localhost:27017], srvServiceName=mongodb, mode=SINGLE, requiredClusterType=UNKNOWN, requiredReplicaSetName='null', serverSelector='null', clusterListeners='[]', serverSelectionTimeout='30000 ms', localThreshold='15 ms'}, socketSettings=SocketSettings{connectTimeoutMS=10000, readTimeoutMS=0, receiveBufferSize=0, proxySettings=ProxySettings{host=null, port=null, username=null, password=null}}, heartbeatSocketSettings=SocketSettings{connectTimeoutMS=10000, readTimeoutMS=10000, receiveBufferSize=0, proxySettings=ProxySettings{host=null, port=null, username=null, password=null}}, connectionPoolSettings=ConnectionPoolSettings{maxSize=100, minSize=0, maxWaitTimeMS=120000, maxConnectionLifeTimeMS=0, maxConnectionIdleTimeMS=0, maintenanceInitialDelayMS=0, maintenanceFrequencyMS=60000, connectionPoolListeners=[], maxConnecting=2}, serverSettings=ServerSettings{heartbeatFrequencyMS=10000, minHeartbeatFrequencyMS=500, serverListeners='[]', serverMonitorListeners='[]'}, sslSettings=SslSettings{enabled=false, invalidHostNameAllowed=false, context=null}, applicationName='null', compressorList=[], uuidRepresentation=JAVA_LEGACY, serverApi=null, autoEncryptionSettings=null, dnsClient=null, inetAddressResolver=null, contextProvider=null}
2026-01-18T21:04:29.129+05:30  INFO 6364 --- [cluster-ClusterId{value='696cfd8544e09849c431a258', description='null'}-localhost:27017] org.mongodb.driver.cluster               : Monitor thread successfully connected to server with description ServerDescription{address=localhost:27017, type=STANDALONE, state=CONNECTED, ok=true, minWireVersion=0, maxWireVersion=25, maxDocumentSize=16777216, logicalSessionTimeoutMinutes=30, roundTripTimeNanos=12931300}
2026-01-18T21:04:29.309+05:30 DEBUG 6364 --- [main] c.h.config.JwtAuthenticationFilter       : Filter 'jwtAuthenticationFilter' configured for use
2026-01-18T21:04:29.521+05:30  INFO 6364 --- [main] o.s.s.web.DefaultSecurityFilterChain     : Will secure any request with [org.springframework.security.web.session.DisableEncodeUrlFilter@4466cf5d, org.springframework.security.web.context.request.async.WebAsyncManagerIntegrationFilter@2c60ce47, org.springframework.security.web.context.SecurityContextHolderFilter@427308f8, org.springframework.security.web.header.HeaderWriterFilter@133aacbe, org.springframework.web.filter.CorsFilter@2450256f, org.springframework.security.web.authentication.logout.LogoutFilter@20a3e10c, org.springframework.security.web.savedrequest.RequestCacheAwareFilter@4975dda1, org.springframework.security.web.servletapi.SecurityContextHolderAwareRequestFilter@e0d1dc4, com.healthchat.config.JwtAuthenticationFilter@2b44d6d0, org.springframework.security.web.authentication.AnonymousAuthenticationFilter@59918c8f, org.springframework.security.web.session.SessionManagementFilter@6aff97d6, org.springframework.security.web.access.ExceptionTranslationFilter@3dfd7eaa, org.springframework.security.web.access.intercept.AuthorizationFilter@63917fe1]
2026-01-18T21:04:29.638+05:30  INFO 6364 --- [main] o.s.b.w.embedded.tomcat.TomcatWebServer  : Tomcat started on port 8080 (http) with context path '/api'
2026-01-18T21:04:29.641+05:30  INFO 6364 --- [main] com.healthchat.HealthChatApplication     : Started HealthChatApplication in 1.622 seconds (process running for 1.822)
2026-01-18T21:05:21.502+05:30  INFO 6364 --- [http-nio-8080-exec-1] o.a.c.c.C.[Tomcat].[localhost].[/api]    : Initializing Spring DispatcherServlet 'dispatcherServlet'
2026-01-18T21:05:21.503+05:30  INFO 6364 --- [http-nio-8080-exec-1] o.s.web.servlet.DispatcherServlet        : Initializing Servlet 'dispatcherServlet'
2026-01-18T21:05:21.503+05:30  INFO 6364 --- [http-nio-8080-exec-1] o.s.web.servlet.DispatcherServlet        : Completed initialization in 0 ms
2026-01-18T21:05:21.508+05:30 DEBUG 6364 --- [http-nio-8080-exec-1] o.s.security.web.FilterChainProxy        : Securing POST /auth/register
2026-01-18T21:05:21.512+05:30 ERROR 6364 --- [http-nio-8080-exec-1] c.h.config.JwtAuthenticationFilter       : DEBUG: Filter called for path: /api/auth/register
2026-01-18T21:05:21.514+05:30 ERROR 6364 --- [http-nio-8080-exec-1] c.h.config.JwtAuthenticationFilter       : DEBUG: Skipping auth for path: /api/auth/register
2026-01-18T21:05:21.514+05:30 DEBUG 6364 --- [http-nio-8080-exec-1] o.s.s.w.a.AnonymousAuthenticationFilter  : Set SecurityContextHolder to anonymous SecurityContext
2026-01-18T21:05:21.515+05:30  WARN 6364 --- [http-nio-8080-exec-1] o.s.w.s.h.HandlerMappingIntrospector     : Cache miss for REQUEST dispatch to '/api/auth/register' (previous null). Performing MatchableHandlerMapping lookup. This is logged once only at WARN level, and every time at TRACE.
2026-01-18T21:05:21.521+05:30 DEBUG 6364 --- [http-nio-8080-exec-1] o.s.security.web.FilterChainProxy        : Secured POST /auth/register
2026-01-18T21:05:21.783+05:30 DEBUG 6364 --- [http-nio-8080-exec-2] o.s.security.web.FilterChainProxy        : Securing POST /message/text
2026-01-18T21:05:21.783+05:30 ERROR 6364 --- [http-nio-8080-exec-2] c.h.config.JwtAuthenticationFilter       : DEBUG: Filter called for path: /api/message/text
2026-01-18T21:05:21.783+05:30 ERROR 6364 --- [http-nio-8080-exec-2] c.h.config.JwtAuthenticationFilter       : DEBUG: JWT found: eyJhbGciOiJIUzI1NiJ9.eyJpZCI6IjY5NmNmZGI5NDRlMDk4NDljNDMxYTI1OSIsImVtYWlsIjoiY3VybDlAdGVzdC5jb20iLCJzdWIiOiJjdXJsOUB0ZXN0LmNvbSIsImlhdCI6MTc2ODc1MDUyMSwiZXhwIjoxNzY4NzUxNDIxfQ.iVwapcuIGP8KRL37evpwP8HdQPkSHKlTVR9ehwMft60
2026-01-18T21:05:21.795+05:30 ERROR 6364 --- [http-nio-8080-exec-2] c.h.config.JwtAuthenticationFilter       : DEBUG: Username extracted: curl9@test.com
2026-01-18T21:05:21.812+05:30 ERROR 6364 --- [http-nio-8080-exec-2] c.h.config.JwtAuthenticationFilter       : DEBUG: Token valid? true
2026-01-18T21:05:21.813+05:30 ERROR 6364 --- [http-nio-8080-exec-2] c.h.config.JwtAuthenticationFilter       : DEBUG: Auth set in context
2026-01-18T21:05:21.814+05:30 DEBUG 6364 --- [http-nio-8080-exec-2] o.s.security.web.FilterChainProxy        : Secured POST /message/text
2026-01-18T21:05:21.823+05:30  WARN 6364 --- [http-nio-8080-exec-2] .w.s.m.s.DefaultHandlerExceptionResolver : Resolved [org.springframework.web.bind.MethodArgumentNotValidException: Validation failed for argument [1] in public org.springframework.http.ResponseEntity<?> com.healthchat.controller.MessageController.sendMessage(java.lang.String,com.healthchat.dto.MessageRequest) with 2 errors: [Field error in object 'messageRequest' on field 'chatId': rejected value [null]; codes [NotBlank.messageRequest.chatId,NotBlank.chatId,NotBlank.java.lang.String,NotBlank]; arguments [org.springframework.context.support.DefaultMessageSourceResolvable: codes [messageRequest.chatId,chatId]; arguments []; default message [chatId]]; default message [Chat ID is required]] [Field error in object 'messageRequest' on field 'prompt': rejected value [null]; codes [NotBlank.messageRequest.prompt,NotBlank.prompt,NotBlank.java.lang.String,NotBlank]; arguments [org.springframework.context.support.DefaultMessageSourceResolvable: codes [messageRequest.prompt,prompt]; arguments []; default message [prompt]]; default message [Prompt is required]] ]
2026-01-18T21:05:21.825+05:30 DEBUG 6364 --- [http-nio-8080-exec-2] o.s.security.web.FilterChainProxy        : Securing POST /error
2026-01-18T21:05:21.827+05:30 DEBUG 6364 --- [http-nio-8080-exec-2] o.s.s.w.a.AnonymousAuthenticationFilter  : Set SecurityContextHolder to anonymous SecurityContext
2026-01-18T21:05:21.828+05:30 DEBUG 6364 --- [http-nio-8080-exec-2] o.s.s.w.a.Http403ForbiddenEntryPoint     : Pre-authenticated entry point called. Rejecting access
